TOOL ls
RESULT ls error=false
TOOL find
RESULT find error=false
TOOL grep
RESULT grep error=false
TOOL read
RESULT read error=false
TOOL edit
RESULT edit error=false
TOOL edit
RESULT edit error=true
TOOL read
RESULT read error=false
TOOL edit
RESULT edit error=false
TOOL read
RESULT read error=false
TOOL write
RESULT write error=false
TOOL bash
RESULT bash error=true
TOOL read
RESULT read error=false
TOOL edit
RESULT edit error=false
TOOL bash
RESULT bash error=false
{"protocol_mode":"engine_named_bounded","turns":15,"seconds":100.756591831,"reply":null,"all_assistant_output_is_toolcall":false,"registered_tools":["read","bash","edit","write","grep","find","ls","powershell","reply_user"],"executed_tools":["ls","find","grep","read","edit","write","bash"],"tool_errors":2}
