TOOL ls
RESULT ls error=false
TOOL find
RESULT find error=false
TOOL grep
RESULT grep error=false
TOOL read
RESULT read error=false
TOOL edit
RESULT edit error=false
TOOL edit
RESULT edit error=true
TOOL read
RESULT read error=false
TOOL edit
RESULT edit error=false
TOOL write
RESULT write error=false
TOOL bash
RESULT bash error=false
TOOL bash
RESULT bash error=false
TOOL powershell
RESULT powershell error=true
TOOL read
RESULT read error=false
TOOL reply_user
RESULT reply_user error=false
{"protocol_mode":"engine_named_bounded","turns":14,"seconds":115.69011210800001,"reply":"已修复 statistics_app.py：summarize_numbers 现在对空列表返回 count=0、total=0、min=None、max=None；支持负数、重复值和分数值，且不修改输入。已创建 test_statistics_app.py，覆盖空输入、负数、重复值、分数值、输入不变和 CLI 输出；python -m unittest -v 5 项全部通过，CLI 输出为 {\"count\": 4, \"total\": 5.5, \"min\": -1, \"max\": 3}。按要求调用了 powershell，但环境没有 /usr/bin/pwsh，实际失败为 bwrap: execvp /usr/bin/pwsh: No such file or directory，未安装任何东西。","all_assistant_output_is_toolcall":true,"registered_tools":["read","bash","edit","write","grep","find","ls","powershell","reply_user"],"executed_tools":["ls","find","grep","read","edit","write","bash","powershell","reply_user"],"tool_errors":2}
