{"repeat": 0, "value": 6, "arm": "preset", "passed": true, "seconds": 13.209664708003402, "usage_complete": true}
{"repeat": 0, "value": 6, "arm": "native", "passed": true, "seconds": 3.8256013090140186, "usage_complete": true}
{"repeat": 0, "value": 8, "arm": "native", "passed": true, "seconds": 3.826801802031696, "usage_complete": true}
{"repeat": 0, "value": 8, "arm": "preset", "passed": true, "seconds": 45.7068898989819, "usage_complete": true}
{"repeat": 1, "value": 6, "arm": "preset", "passed": true, "seconds": 4.5265548849711195, "usage_complete": true}
{"repeat": 1, "value": 6, "arm": "native", "passed": true, "seconds": 4.07514924404677, "usage_complete": true}
{"repeat": 1, "value": 8, "arm": "native", "passed": true, "seconds": 4.376607792975847, "usage_complete": true}
{"repeat": 1, "value": 8, "arm": "preset", "passed": true, "seconds": 11.805475823988672, "usage_complete": true}
{"repeat": 2, "value": 6, "arm": "native", "passed": true, "seconds": 3.7297151510138065, "usage_complete": true}
{"repeat": 2, "value": 6, "arm": "preset", "passed": true, "seconds": 4.735595761972945, "usage_complete": true}
{"repeat": 2, "value": 8, "arm": "native", "passed": true, "seconds": 3.675878950045444, "usage_complete": true}
{"repeat": 2, "value": 8, "arm": "preset", "passed": true, "seconds": 4.52637949102791, "usage_complete": true}
{
  "arms": {
    "preset": {
      "tasks": 6,
      "passed": 6,
      "wall_seconds": 84.67459281987976,
      "median_seconds": 8.295575101976283,
      "pi_loop_seconds": 84.51056056894595,
      "outer_calls": 18,
      "nested_inference_requests": 0,
      "preset_applied": 6,
      "cache_hits": 0,
      "error_records": 0,
      "usage_complete": true,
      "inference_requests": 18,
      "known_input_tokens": 33702,
      "known_generated_argument_tokens": 258,
      "known_classification_control_records": 18,
      "unknown_usage_requests": 0
    },
    "native": {
      "tasks": 6,
      "passed": 6,
      "wall_seconds": 23.688104198139627,
      "median_seconds": 3.852685129531892,
      "pi_loop_seconds": 23.50975424912758,
      "outer_calls": 18,
      "nested_inference_requests": 0,
      "preset_applied": 0,
      "cache_hits": 0,
      "error_records": 0,
      "usage_complete": true,
      "inference_requests": 18,
      "known_input_tokens": 31035,
      "known_generated_argument_tokens": 1375,
      "known_classification_control_records": 0,
      "unknown_usage_requests": 0
    }
  },
  "limitations": "Small integer-default fixture with a hand-written AST/behavior oracle. Real Pi loops including read, outer selection, parameters, local tools and reply; shared backend; no stable speed claim. Tool catalogs/prompts differ between arms. No automatic benchmark retries; agent recovery attempts remain in totals. Known usage is a lower bound when a task is interrupted or records are missing."
}
