{"repeat": 0, "value": 6, "arm": "native", "passed": true, "seconds": 23.336243689002004, "usage_complete": true}
{
  "arms": {
    "native": {
      "tasks": 1,
      "passed": 1,
      "wall_seconds": 23.36743517499417,
      "median_seconds": 23.36743517499417,
      "pi_loop_seconds": 23.336243689002004,
      "outer_calls": 3,
      "nested_inference_requests": 0,
      "preset_applied": 0,
      "cache_hits": 0,
      "error_records": 0,
      "usage_complete": true,
      "inference_requests": 3,
      "known_input_tokens": 5175,
      "known_generated_argument_tokens": 236,
      "known_classification_control_records": 0,
      "unknown_usage_requests": 0
    }
  },
  "limitations": "Small integer-default fixture with a hand-written AST/behavior oracle. Real Pi loops including read, outer selection, parameters, local tools and reply; shared backend; no stable speed claim. Tool catalogs/prompts differ between arms. No automatic benchmark retries; agent recovery attempts remain in totals. Known usage is a lower bound when a task is interrupted or records are missing."
}
