{"arm": "native_multi", "case": "unobserved_edit", "repeat": 1, "passed": true, "input_tokens": 2600, "output_tokens": 327, "controls": 0, "usage_complete": true, "seconds": 4.4984724172391, "inference_requests": 3, "index": 0}
{"arm": "single_step", "case": "new_file_io", "repeat": 1, "passed": true, "input_tokens": 3165, "output_tokens": 1010, "controls": 0, "usage_complete": true, "seconds": 9.916609999723732, "inference_requests": 3, "index": 1}
{"arm": "single_step", "case": "observed_edit", "repeat": 1, "passed": true, "input_tokens": 3871, "output_tokens": 627, "controls": 0, "usage_complete": true, "seconds": 7.19970962498337, "inference_requests": 4, "index": 2}
{"arm": "native_multi", "case": "new_file_io", "repeat": 1, "passed": true, "input_tokens": 2048, "output_tokens": 533, "controls": 0, "usage_complete": true, "seconds": 5.457524542231113, "inference_requests": 2, "index": 3}
{"arm": "single_plan", "case": "new_file_io", "repeat": 0, "passed": true, "input_tokens": 796, "output_tokens": 512, "controls": 0, "usage_complete": true, "seconds": 4.775434666778892, "inference_requests": 1, "index": 4}
{"arm": "single_plan", "case": "unobserved_edit", "repeat": 1, "passed": true, "input_tokens": 1613, "output_tokens": 323, "controls": 0, "usage_complete": true, "seconds": 3.6060460000298917, "inference_requests": 2, "index": 5}
{"arm": "native_multi", "case": "new_file_io", "repeat": 0, "passed": true, "input_tokens": 2048, "output_tokens": 533, "controls": 0, "usage_complete": true, "seconds": 5.460614167153835, "inference_requests": 2, "index": 6}
{"arm": "single_step", "case": "new_file_io", "repeat": 0, "passed": true, "input_tokens": 3165, "output_tokens": 1010, "controls": 0, "usage_complete": true, "seconds": 9.731942916754633, "inference_requests": 3, "index": 7}
{"arm": "single_plan", "case": "new_file_io", "repeat": 1, "passed": true, "input_tokens": 796, "output_tokens": 512, "controls": 0, "usage_complete": true, "seconds": 4.818584041669965, "inference_requests": 1, "index": 8}
{"arm": "native_multi", "case": "unobserved_edit", "repeat": 0, "passed": true, "input_tokens": 2600, "output_tokens": 327, "controls": 0, "usage_complete": true, "seconds": 4.15216579195112, "inference_requests": 3, "index": 9}
{"arm": "single_step", "case": "observed_edit", "repeat": 0, "passed": true, "input_tokens": 3871, "output_tokens": 627, "controls": 0, "usage_complete": true, "seconds": 7.060821583960205, "inference_requests": 4, "index": 10}
{"arm": "single_plan", "case": "observed_edit", "repeat": 0, "passed": false, "input_tokens": 775, "output_tokens": 280, "controls": 0, "usage_complete": true, "error": "ValueError('Plan crosses an observation boundary')", "seconds": 2.6964976671151817, "inference_requests": 1, "index": 11}
{"arm": "single_step", "case": "unobserved_edit", "repeat": 0, "passed": true, "input_tokens": 3785, "output_tokens": 618, "controls": 0, "usage_complete": true, "seconds": 6.929613332729787, "inference_requests": 4, "index": 12}
{"arm": "native_multi", "case": "observed_edit", "repeat": 1, "passed": true, "input_tokens": 1755, "output_tokens": 281, "controls": 0, "usage_complete": true, "seconds": 3.2924233749508858, "inference_requests": 2, "index": 13}
{"arm": "single_step", "case": "unobserved_edit", "repeat": 1, "passed": true, "input_tokens": 3785, "output_tokens": 618, "controls": 0, "usage_complete": true, "seconds": 6.870203834027052, "inference_requests": 4, "index": 14}
{"arm": "single_plan", "case": "observed_edit", "repeat": 1, "passed": false, "input_tokens": 775, "output_tokens": 280, "controls": 0, "usage_complete": true, "error": "ValueError('Plan crosses an observation boundary')", "seconds": 2.697872459422797, "inference_requests": 1, "index": 15}
{"arm": "native_multi", "case": "observed_edit", "repeat": 0, "passed": true, "input_tokens": 1755, "output_tokens": 281, "controls": 0, "usage_complete": true, "seconds": 3.3468022500164807, "inference_requests": 2, "index": 16}
{"arm": "single_plan", "case": "unobserved_edit", "repeat": 0, "passed": true, "input_tokens": 1613, "output_tokens": 323, "controls": 0, "usage_complete": true, "seconds": 3.6161644998937845, "inference_requests": 2, "index": 17}
{"single_step": {"attempts": 6, "passed": 6, "seconds": 47.70890129217878, "inference_requests": 22, "input_tokens": 21642, "output_tokens": 4510, "controls": 0, "usage_complete": true}, "native_multi": {"attempts": 6, "passed": 6, "seconds": 26.208002543542534, "inference_requests": 14, "input_tokens": 12806, "output_tokens": 2282, "controls": 0, "usage_complete": true}, "single_plan": {"attempts": 6, "passed": 4, "seconds": 22.210599334910512, "inference_requests": 8, "input_tokens": 6368, "output_tokens": 2230, "controls": 0, "usage_complete": true}}
Temporary SSH tunnel closed
Traceback (most recent call last):
  File "/tmp/tair-run-request-packing.py", line 16, in <module>
    subprocess.run(['/tmp/tair-test-venv-20260918/bin/python','-u','benchmarks/benchmark_request_packing.py','--url',url,'--out','results/experiments/request-packing-20260919-a','--repeats','2'],env=env,check=True)
  File "/opt/homebrew/Cellar/python@3.11/3.11.16/Frameworks/Python.framework/Versions/3.11/lib/python3.11/subprocess.py", line 571, in run
    raise CalledProcessError(retcode, process.args,
subprocess.CalledProcessError: Command '['/tmp/tair-test-venv-20260918/bin/python', '-u', 'benchmarks/benchmark_request_packing.py', '--url', 'http://127.0.0.1:61780', '--out', 'results/experiments/request-packing-20260919-a', '--repeats', '2']' returned non-zero exit status 1.
