{"arm": "native_multi", "case": "unobserved_edit", "repeat": 1, "passed": true, "input_tokens": 2600, "output_tokens": 327, "controls": 0, "usage_complete": true, "seconds": 4.253891166765243, "inference_requests": 3, "index": 0}
{"arm": "single_step", "case": "new_file_io", "repeat": 1, "passed": true, "input_tokens": 3165, "output_tokens": 1010, "controls": 0, "usage_complete": true, "seconds": 9.89524620771408, "inference_requests": 3, "index": 1}
{"arm": "single_step", "case": "observed_edit", "repeat": 1, "passed": true, "input_tokens": 3871, "output_tokens": 627, "controls": 0, "usage_complete": true, "seconds": 7.049350874964148, "inference_requests": 4, "index": 2}
{"arm": "native_multi", "case": "new_file_io", "repeat": 1, "passed": true, "input_tokens": 2048, "output_tokens": 533, "controls": 0, "usage_complete": true, "seconds": 5.454539792146534, "inference_requests": 2, "index": 3}
{"arm": "single_plan", "case": "new_file_io", "repeat": 0, "passed": true, "input_tokens": 796, "output_tokens": 512, "controls": 0, "usage_complete": true, "seconds": 4.72830858360976, "inference_requests": 1, "index": 4}
{"arm": "single_plan", "case": "unobserved_edit", "repeat": 1, "passed": true, "input_tokens": 1613, "output_tokens": 323, "controls": 0, "usage_complete": true, "seconds": 3.728361208923161, "inference_requests": 2, "index": 5}
{"arm": "native_multi", "case": "new_file_io", "repeat": 0, "passed": true, "input_tokens": 2048, "output_tokens": 533, "controls": 0, "usage_complete": true, "seconds": 5.464533333666623, "inference_requests": 2, "index": 6}
{"arm": "single_step", "case": "new_file_io", "repeat": 0, "passed": true, "input_tokens": 3165, "output_tokens": 1010, "controls": 0, "usage_complete": true, "seconds": 9.794463500380516, "inference_requests": 3, "index": 7}
{"arm": "single_plan", "case": "new_file_io", "repeat": 1, "passed": true, "input_tokens": 796, "output_tokens": 512, "controls": 0, "usage_complete": true, "seconds": 4.707970333751291, "inference_requests": 1, "index": 8}
{"arm": "native_multi", "case": "unobserved_edit", "repeat": 0, "passed": true, "input_tokens": 2600, "output_tokens": 327, "controls": 0, "usage_complete": true, "seconds": 4.0993022080510855, "inference_requests": 3, "index": 9}
{"arm": "single_step", "case": "observed_edit", "repeat": 0, "passed": true, "input_tokens": 3871, "output_tokens": 627, "controls": 0, "usage_complete": true, "seconds": 7.129109208937734, "inference_requests": 4, "index": 10}
{"arm": "single_plan", "case": "observed_edit", "repeat": 0, "passed": true, "input_tokens": 775, "output_tokens": 280, "controls": 0, "usage_complete": true, "seconds": 2.73174741724506, "inference_requests": 1, "index": 11}
{"arm": "single_step", "case": "unobserved_edit", "repeat": 0, "passed": true, "input_tokens": 3785, "output_tokens": 618, "controls": 0, "usage_complete": true, "seconds": 7.083131999708712, "inference_requests": 4, "index": 12}
{"arm": "native_multi", "case": "observed_edit", "repeat": 1, "passed": true, "input_tokens": 1755, "output_tokens": 281, "controls": 0, "usage_complete": true, "seconds": 3.2655168338678777, "inference_requests": 2, "index": 13}
{"arm": "single_step", "case": "unobserved_edit", "repeat": 1, "passed": true, "input_tokens": 3785, "output_tokens": 618, "controls": 0, "usage_complete": true, "seconds": 6.991938957944512, "inference_requests": 4, "index": 14}
{"arm": "single_plan", "case": "observed_edit", "repeat": 1, "passed": true, "input_tokens": 775, "output_tokens": 280, "controls": 0, "usage_complete": true, "seconds": 2.8089616666547954, "inference_requests": 1, "index": 15}
{"arm": "native_multi", "case": "observed_edit", "repeat": 0, "passed": true, "input_tokens": 1755, "output_tokens": 281, "controls": 0, "usage_complete": true, "seconds": 3.2595717906951904, "inference_requests": 2, "index": 16}
{"arm": "single_plan", "case": "unobserved_edit", "repeat": 0, "passed": true, "input_tokens": 1613, "output_tokens": 323, "controls": 0, "usage_complete": true, "seconds": 3.7038881247863173, "inference_requests": 2, "index": 17}
{"single_step": {"attempts": 6, "passed": 6, "seconds": 47.9432407496497, "inference_requests": 22, "input_tokens": 21642, "output_tokens": 4510, "controls": 0, "usage_complete": true}, "native_multi": {"attempts": 6, "passed": 6, "seconds": 25.797355125192553, "inference_requests": 14, "input_tokens": 12806, "output_tokens": 2282, "controls": 0, "usage_complete": true}, "single_plan": {"attempts": 6, "passed": 6, "seconds": 22.409237334970385, "inference_requests": 8, "input_tokens": 6368, "output_tokens": 2230, "controls": 0, "usage_complete": true}}
Temporary SSH tunnel closed
