TOOL read
RESULT read error=false
TOOL bash
RESULT bash error=false
TOOL ls
RESULT ls error=false
TOOL find
RESULT find error=false
TOOL grep
RESULT grep error=false
TOOL edit
RESULT edit error=false
TOOL read
RESULT read error=false
TOOL edit
RESULT edit error=false
TOOL write
RESULT write error=false
TOOL bash
RESULT bash error=false
TOOL powershell
RESULT powershell error=true
TOOL reply_user
RESULT reply_user error=false
{"protocol_mode":"engine_raw","turns":12,"seconds":120.132721592,"reply":"已修复 `statistics_app.py`：`summarize_numbers(values)` 现在返回 `count`、`total`、`min`、`max`，空列表返回 `count=0,total=0,min=None,max=None`，支持负数、重复值和分数，且不修改输入；CLI 示例和 JSON 输出保留。已创建 `test_statistics_app.py`，覆盖空输入、负数、重复值、分数、输入不变和 CLI 输出；`python -m unittest -v test_statistics_app.py` 5 项全部通过，`python statistics_app.py` 输出 `{\"count\": 4, \"total\": 5.5, \"min\": -1, \"max\": 3}`。按要求调用 PowerShell 一次，实际失败为 `bwrap: execvp /usr/bin/pwsh: No such file or directory`，未安装任何内容。","all_assistant_output_is_toolcall":true,"registered_tools":["read","bash","edit","write","grep","find","ls","powershell","reply_user"],"executed_tools":["read","bash","ls","find","grep","edit","write","powershell","reply_user"],"tool_errors":1}
